// Vitest Snapshot v1, https://vitest.dev/guide/snapshot.html

exports[`golden export > matches the committed snapshot 1`] = `
"<!DOCTYPE html>
<!--
Export warnings:
- File not found: Nowhere/Lost.md
-->
<html lang="en">
<head>
<meta charset="utf-8" />
<meta name="viewport" content="width=device-width, initial-scale=1" />
<title>Sample</title>
<style>/* css omitted from the snapshot */</style>
</head>
<body>
<div id="cv-viewport">
  <div id="cv-world">
    <svg id="cv-edges" xmlns="http://www.w3.org/2000/svg"><g class="cv-edge" data-id="e1" data-from="t1" data-to="f1"><path class="cv-edge-hit" d="M 220 60 C 292.44 60, 327.56 80, 400 80" /><path class="cv-edge-line" d="M 220 60 C 292.44 60, 327.56 80, 400 80" /><path class="cv-edge-arrow" d="M 400 80 L 390 75 L 390 85 Z" /></g><g class="cv-edge" data-id="e2" data-from="t1" data-to="img" style="--cv-edge-color:var(--cv-color-1)"><path class="cv-edge-hit" d="M 110 120 C 110 160, 100 160, 100 200" /><path class="cv-edge-line" d="M 110 120 C 110 160, 100 160, 100 200" /><path class="cv-edge-arrow" d="M 100 200 L 105 190 L 95 190 Z" /></g><g class="cv-edge" data-id="e3" data-from="f1" data-to="url"><path class="cv-edge-hit" d="M 640 80 C 680 80, 660 60, 700 60" /><path class="cv-edge-line" d="M 640 80 C 680 80, 660 60, 700 60" /><path class="cv-edge-arrow" d="M 700 60 L 690 55 L 690 65 Z" /><path class="cv-edge-arrow" d="M 640 80 L 650 85 L 650 75 Z" /></g></svg>
    <div class="cv-card cv-card-group cv-flush" data-id="grp" style="left:-60px;top:-80px;width:700px;height:400px;--cv-node-color:var(--cv-color-5)"><div class="cv-card-label">Phase 1</div><div class="cv-card-body"></div></div>
    <div class="cv-card cv-card-text cv-scrollable" data-id="t1" style="left:0px;top:0px;width:220px;height:120px;--cv-node-color:var(--cv-color-4)"><div class="cv-card-body"><div class="md"># Kickoff<br><br>- [ ] scope<br>- [x] budget</div></div></div>
    <div class="cv-card cv-card-file cv-scrollable" data-id="f1" style="left:400px;top:0px;width:240px;height:160px"><div class="cv-card-body"><div class="md">## Brief<br><br>The short version.</div></div></div>
    <div class="cv-card cv-card-file cv-flush" data-id="img" style="left:0px;top:200px;width:200px;height:120px"><div class="cv-card-body"><img class="cv-image" src="data:image/png;base64,STUBBED" alt="Chart.png" /></div></div>
    <div class="cv-card cv-card-file cv-flush" data-id="pdf" style="left:400px;top:200px;width:200px;height:120px"><div class="cv-card-body"><div class="cv-placeholder"><div class="cv-placeholder-icon">📄</div><div class="cv-placeholder-title">Study.pdf</div><div class="cv-placeholder-sub">PDF</div></div></div></div>
    <div class="cv-card cv-card-link cv-flush" data-id="url" style="left:700px;top:0px;width:240px;height:120px"><div class="cv-card-body"><a class="cv-link-card" href="https://obsidian.md/canvas" target="_blank" rel="noopener noreferrer"><div class="cv-link-host">obsidian.md</div><div class="cv-link-url">https://obsidian.md/canvas</div></a></div></div>
    <div class="cv-card cv-card-file cv-flush" data-id="gone" style="left:700px;top:200px;width:200px;height:120px"><div class="cv-card-body"><div class="cv-placeholder"><div class="cv-placeholder-icon">⚠</div><div class="cv-placeholder-title">File not found</div><div class="cv-placeholder-sub">Nowhere/Lost.md</div></div></div></div>
  </div>
</div>
<div id="cv-controls">
  <button type="button" data-action="zoom-in" title="Zoom in" aria-label="Zoom in">+</button>
  <button type="button" data-action="zoom-out" title="Zoom out" aria-label="Zoom out">−</button>
  <button type="button" data-action="fit" title="Fit to screen" aria-label="Fit to screen">⤢</button>
  <button type="button" data-action="theme" title="Toggle theme" aria-label="Toggle theme">◐</button>
</div>
<script type="application/json" id="cv-meta">{"bounds":{"x":-140,"y":-160,"width":1160,"height":560},"defaultTheme":"system","nodes":{"grp":{"x":-60,"y":-80,"width":700,"height":400},"t1":{"x":0,"y":0,"width":220,"height":120},"f1":{"x":400,"y":0,"width":240,"height":160},"img":{"x":0,"y":200,"width":200,"height":120},"pdf":{"x":400,"y":200,"width":200,"height":120},"url":{"x":700,"y":0,"width":240,"height":120},"gone":{"x":700,"y":200,"width":200,"height":120}}}</script>
<script>/* js omitted from the snapshot */</script>
</body>
</html>
"
`;
